// Jest Snapshot v1, https://goo.gl/fbAQLP

exports[`fails if the type changes 1`] = `
Object {
  "actual": "
<span>
  Object {
    \\"type\\": \\"span\\",
  }
</span>
",
  "count": 1,
  "diff": "- Expected
+ Received

  
- <div>
+ <span>
    Object {
      \\"type\\": \\"span\\",
    }
- </div>
+ </span>
  ",
  "expected": "
<div>
  Object {
    \\"type\\": \\"span\\",
  }
</div>
",
  "pass": false,
}
`;
