// Jest Snapshot v1, https://goo.gl/fbAQLP

exports[`works with diff 1`] = `
<div>
  <div
    className="snapguidist__label"
  >
    label
  </div>
  <div
    className="snapguidist__code"
  />
</div>
`;

exports[`works with jsx 1`] = `
<div>
  <div
    className="snapguidist__label"
  >
    label
  </div>
  <div
    className="snapguidist__code"
  />
</div>
`;
